// Jest Snapshot v1, https://goo.gl/fbAQLP

exports[`initial state 1`] = `
<div
  className="gg-center"
>
  <div
    className="nes-field nes-container is-dark"
  >
    <label
      htmlFor="name_field"
    >
      Your pseudo
    </label>
    <input
      className="nes-input"
      id="name_field"
      type="text"
    />
  </div>
  <button
    className="nes-btn is-success"
    onClick={[Function]}
  >
    Continue
  </button>
</div>
`;

exports[`keys test 1`] = `
<div
  className="gg-center"
>
  <div
    className="nes-field nes-container is-dark"
  >
    <label
      htmlFor="name_field"
    >
      Your pseudo
    </label>
    <input
      className="nes-input"
      id="name_field"
      type="text"
    />
  </div>
  <button
    className="nes-btn is-success"
    onClick={[Function]}
  >
    Continue
  </button>
</div>
`;

exports[`keys test 2`] = `
<div
  className="gg-center"
>
  <div
    className="nes-field nes-container is-dark"
  >
    <label
      htmlFor="name_field"
    >
      Your pseudo
    </label>
    <input
      className="nes-input"
      id="name_field"
      type="text"
    />
  </div>
  <button
    className="nes-btn is-success"
    onClick={[Function]}
  >
    Continue
  </button>
</div>
`;

exports[`keys test 3`] = `
<div
  className="gg-center"
>
  <div
    className="nes-field nes-container is-dark"
  >
    <label
      htmlFor="name_field"
    >
      Your pseudo
    </label>
    <input
      className="nes-input"
      id="name_field"
      type="text"
    />
  </div>
  <button
    className="nes-btn is-success"
    onClick={[Function]}
  >
    Continue
  </button>
</div>
`;

exports[`keys test 4`] = `
<div
  className="gg-center"
>
  <div
    className="nes-field nes-container is-dark"
  >
    <label
      htmlFor="name_field"
    >
      Your pseudo
    </label>
    <input
      className="nes-input"
      id="name_field"
      type="text"
    />
  </div>
  <button
    className="nes-btn is-success"
    onClick={[Function]}
  >
    Continue
  </button>
</div>
`;

exports[`tetriminos at end of board 1`] = `
<div
  className="gg-center"
>
  <div
    className="nes-field nes-container is-dark"
  >
    <label
      htmlFor="name_field"
    >
      Your pseudo
    </label>
    <input
      className="nes-input"
      id="name_field"
      type="text"
    />
  </div>
  <button
    className="nes-btn is-success"
    onClick={[Function]}
  >
    Continue
  </button>
</div>
`;

exports[`tetriminos at end of board 2`] = `
<div
  className="gg-center"
>
  <div
    className="nes-field nes-container is-dark"
  >
    <label
      htmlFor="name_field"
    >
      Your pseudo
    </label>
    <input
      className="nes-input"
      id="name_field"
      type="text"
    />
  </div>
  <button
    className="nes-btn is-success"
    onClick={[Function]}
  >
    Continue
  </button>
</div>
`;
