// Jest Snapshot v1, https://goo.gl/fbAQLP

exports[`initial state 1`] = `
<div
  className="is-pattern"
  id="game"
>
  <div
    id="board"
  >
    <div
      className="is-primary"
    >
      <div
        className="square"
      />
      <div
        className="square"
      />
      <div
        className="square"
      />
      <div
        className="square"
      />
      <div
        className="square"
      />
      <div
        className="square"
      />
      <div
        className="square"
      />
      <div
        className="square"
      />
      <div
        className="square"
      />
      <div
        className="square"
      />
    </div>
    <div
      className="is-primary"
    >
      <div
        className="square"
      />
      <div
        className="square"
      />
      <div
        className="square"
      />
      <div
        className="square"
      />
      <div
        className="square colored"
      />
      <div
        className="square colored"
      />
      <div
        className="square colored"
      />
      <div
        className="square colored"
      />
      <div
        className="square"
      />
      <div
        className="square"
      />
    </div>
    <div
      className="is-primary"
    >
      <div
        className="square"
      />
      <div
        className="square"
      />
      <div
        className="square"
      />
      <div
        className="square"
      />
      <div
        className="square"
      />
      <div
        className="square"
      />
      <div
        className="square"
      />
      <div
        className="square"
      />
      <div
        className="square"
      />
      <div
        className="square"
      />
    </div>
    <div
      className="is-primary"
    >
      <div
        className="square"
      />
      <div
        className="square"
      />
      <div
        className="square"
      />
      <div
        className="square"
      />
      <div
        className="square"
      />
      <div
        className="square"
      />
      <div
        className="square"
      />
      <div
        className="square"
      />
      <div
        className="square"
      />
      <div
        className="square"
      />
    </div>
    <div
      className="is-primary"
    >
      <div
        className="square"
      />
      <div
        className="square"
      />
      <div
        className="square"
      />
      <div
        className="square"
      />
      <div
        className="square"
      />
      <div
        className="square"
      />
      <div
        className="square"
      />
      <div
        className="square"
      />
      <div
        className="square"
      />
      <div
        className="square"
      />
    </div>
    <div
      className="is-primary"
    >
      <div
        className="square"
      />
      <div
        className="square"
      />
      <div
        className="square"
      />
      <div
        className="square"
      />
      <div
        className="square"
      />
      <div
        className="square"
      />
      <div
        className="square"
      />
      <div
        className="square"
      />
      <div
        className="square"
      />
      <div
        className="square"
      />
    </div>
    <div
      className="is-primary"
    >
      <div
        className="square"
      />
      <div
        className="square"
      />
      <div
        className="square"
      />
      <div
        className="square"
      />
      <div
        className="square"
      />
      <div
        className="square"
      />
      <div
        className="square"
      />
      <div
        className="square"
      />
      <div
        className="square"
      />
      <div
        className="square"
      />
    </div>
    <div
      className="is-primary"
    >
      <div
        className="square"
      />
      <div
        className="square"
      />
      <div
        className="square"
      />
      <div
        className="square"
      />
      <div
        className="square"
      />
      <div
        className="square"
      />
      <div
        className="square"
      />
      <div
        className="square"
      />
      <div
        className="square"
      />
      <div
        className="square"
      />
    </div>
    <div
      className="is-primary"
    >
      <div
        className="square"
      />
      <div
        className="square"
      />
      <div
        className="square"
      />
      <div
        className="square"
      />
      <div
        className="square"
      />
      <div
        className="square"
      />
      <div
        className="square"
      />
      <div
        className="square"
      />
      <div
        className="square"
      />
      <div
        className="square"
      />
    </div>
    <div
      className="is-primary"
    >
      <div
        className="square"
      />
      <div
        className="square"
      />
      <div
        className="square"
      />
      <div
        className="square"
      />
      <div
        className="square"
      />
      <div
        className="square"
      />
      <div
        className="square"
      />
      <div
        className="square"
      />
      <div
        className="square"
      />
      <div
        className="square"
      />
    </div>
    <div
      className="is-primary"
    >
      <div
        className="square"
      />
      <div
        className="square"
      />
      <div
        className="square"
      />
      <div
        className="square"
      />
      <div
        className="square"
      />
      <div
        className="square"
      />
      <div
        className="square"
      />
      <div
        className="square"
      />
      <div
        className="square"
      />
      <div
        className="square"
      />
    </div>
    <div
      className="is-primary"
    >
      <div
        className="square"
      />
      <div
        className="square"
      />
      <div
        className="square"
      />
      <div
        className="square"
      />
      <div
        className="square"
      />
      <div
        className="square"
      />
      <div
        className="square"
      />
      <div
        className="square"
      />
      <div
        className="square"
      />
      <div
        className="square"
      />
    </div>
    <div
      className="is-primary"
    >
      <div
        className="square"
      />
      <div
        className="square"
      />
      <div
        className="square"
      />
      <div
        className="square"
      />
      <div
        className="square"
      />
      <div
        className="square"
      />
      <div
        className="square"
      />
      <div
        className="square"
      />
      <div
        className="square"
      />
      <div
        className="square"
      />
    </div>
    <div
      className="is-primary"
    >
      <div
        className="square"
      />
      <div
        className="square"
      />
      <div
        className="square"
      />
      <div
        className="square"
      />
      <div
        className="square"
      />
      <div
        className="square"
      />
      <div
        className="square"
      />
      <div
        className="square"
      />
      <div
        className="square"
      />
      <div
        className="square"
      />
    </div>
    <div
      className="is-primary"
    >
      <div
        className="square"
      />
      <div
        className="square"
      />
      <div
        className="square"
      />
      <div
        className="square"
      />
      <div
        className="square"
      />
      <div
        className="square"
      />
      <div
        className="square"
      />
      <div
        className="square"
      />
      <div
        className="square"
      />
      <div
        className="square"
      />
    </div>
    <div
      className="is-primary"
    >
      <div
        className="square"
      />
      <div
        className="square"
      />
      <div
        className="square"
      />
      <div
        className="square"
      />
      <div
        className="square"
      />
      <div
        className="square"
      />
      <div
        className="square"
      />
      <div
        className="square"
      />
      <div
        className="square"
      />
      <div
        className="square"
      />
    </div>
    <div
      className="is-primary"
    >
      <div
        className="square"
      />
      <div
        className="square"
      />
      <div
        className="square"
      />
      <div
        className="square"
      />
      <div
        className="square"
      />
      <div
        className="square"
      />
      <div
        className="square"
      />
      <div
        className="square"
      />
      <div
        className="square"
      />
      <div
        className="square"
      />
    </div>
    <div
      className="is-primary"
    >
      <div
        className="square"
      />
      <div
        className="square"
      />
      <div
        className="square"
      />
      <div
        className="square"
      />
      <div
        className="square"
      />
      <div
        className="square"
      />
      <div
        className="square"
      />
      <div
        className="square"
      />
      <div
        className="square"
      />
      <div
        className="square"
      />
    </div>
    <div
      className="is-primary"
    >
      <div
        className="square"
      />
      <div
        className="square"
      />
      <div
        className="square"
      />
      <div
        className="square"
      />
      <div
        className="square"
      />
      <div
        className="square"
      />
      <div
        className="square"
      />
      <div
        className="square"
      />
      <div
        className="square"
      />
      <div
        className="square"
      />
    </div>
    <div
      className="is-primary"
    >
      <div
        className="square"
      />
      <div
        className="square"
      />
      <div
        className="square"
      />
      <div
        className="square"
      />
      <div
        className="square"
      />
      <div
        className="square"
      />
      <div
        className="square"
      />
      <div
        className="square"
      />
      <div
        className="square"
      />
      <div
        className="square"
      />
    </div>
  </div>
  <div
    id="meta"
  >
    <div
      className="nes-container with-title is-dark"
    >
      <p
        className="title"
      >
        next
      </p>
      <p>
        ....
      </p>
      <p>
        xxxx
      </p>
      <p>
        ....
      </p>
      <p>
        ....
      </p>
    </div>
    <div
      className="nes-container with-title is-dark"
    >
      <p
        className="title"
      >
        level
      </p>
      <p>
        0
      </p>
    </div>
    <div
      className="nes-container with-title is-dark"
    >
      <p
        className="title"
      >
        score
      </p>
      <p>
        0
      </p>
    </div>
    <div
      className="nes-container with-title is-dark"
    >
      <p
        className="title"
      >
        lines
      </p>
      <p>
        0
      </p>
    </div>
  </div>
</div>
`;

exports[`keys test 1`] = `
<div
  className="is-pattern"
  id="game"
>
  <div
    id="board"
  >
    <div
      className="is-primary"
    >
      <div
        className="square"
      />
      <div
        className="square"
      />
      <div
        className="square"
      />
      <div
        className="square"
      />
      <div
        className="square"
      />
      <div
        className="square"
      />
      <div
        className="square"
      />
      <div
        className="square"
      />
      <div
        className="square"
      />
      <div
        className="square"
      />
    </div>
    <div
      className="is-primary"
    >
      <div
        className="square"
      />
      <div
        className="square"
      />
      <div
        className="square"
      />
      <div
        className="square"
      />
      <div
        className="square colored"
      />
      <div
        className="square colored"
      />
      <div
        className="square colored"
      />
      <div
        className="square colored"
      />
      <div
        className="square"
      />
      <div
        className="square"
      />
    </div>
    <div
      className="is-primary"
    >
      <div
        className="square"
      />
      <div
        className="square"
      />
      <div
        className="square"
      />
      <div
        className="square"
      />
      <div
        className="square"
      />
      <div
        className="square"
      />
      <div
        className="square"
      />
      <div
        className="square"
      />
      <div
        className="square"
      />
      <div
        className="square"
      />
    </div>
    <div
      className="is-primary"
    >
      <div
        className="square"
      />
      <div
        className="square"
      />
      <div
        className="square"
      />
      <div
        className="square"
      />
      <div
        className="square"
      />
      <div
        className="square"
      />
      <div
        className="square"
      />
      <div
        className="square"
      />
      <div
        className="square"
      />
      <div
        className="square"
      />
    </div>
    <div
      className="is-primary"
    >
      <div
        className="square"
      />
      <div
        className="square"
      />
      <div
        className="square"
      />
      <div
        className="square"
      />
      <div
        className="square"
      />
      <div
        className="square"
      />
      <div
        className="square"
      />
      <div
        className="square"
      />
      <div
        className="square"
      />
      <div
        className="square"
      />
    </div>
    <div
      className="is-primary"
    >
      <div
        className="square"
      />
      <div
        className="square"
      />
      <div
        className="square"
      />
      <div
        className="square"
      />
      <div
        className="square"
      />
      <div
        className="square"
      />
      <div
        className="square"
      />
      <div
        className="square"
      />
      <div
        className="square"
      />
      <div
        className="square"
      />
    </div>
    <div
      className="is-primary"
    >
      <div
        className="square"
      />
      <div
        className="square"
      />
      <div
        className="square"
      />
      <div
        className="square"
      />
      <div
        className="square"
      />
      <div
        className="square"
      />
      <div
        className="square"
      />
      <div
        className="square"
      />
      <div
        className="square"
      />
      <div
        className="square"
      />
    </div>
    <div
      className="is-primary"
    >
      <div
        className="square"
      />
      <div
        className="square"
      />
      <div
        className="square"
      />
      <div
        className="square"
      />
      <div
        className="square"
      />
      <div
        className="square"
      />
      <div
        className="square"
      />
      <div
        className="square"
      />
      <div
        className="square"
      />
      <div
        className="square"
      />
    </div>
    <div
      className="is-primary"
    >
      <div
        className="square"
      />
      <div
        className="square"
      />
      <div
        className="square"
      />
      <div
        className="square"
      />
      <div
        className="square"
      />
      <div
        className="square"
      />
      <div
        className="square"
      />
      <div
        className="square"
      />
      <div
        className="square"
      />
      <div
        className="square"
      />
    </div>
    <div
      className="is-primary"
    >
      <div
        className="square"
      />
      <div
        className="square"
      />
      <div
        className="square"
      />
      <div
        className="square"
      />
      <div
        className="square"
      />
      <div
        className="square"
      />
      <div
        className="square"
      />
      <div
        className="square"
      />
      <div
        className="square"
      />
      <div
        className="square"
      />
    </div>
    <div
      className="is-primary"
    >
      <div
        className="square"
      />
      <div
        className="square"
      />
      <div
        className="square"
      />
      <div
        className="square"
      />
      <div
        className="square"
      />
      <div
        className="square"
      />
      <div
        className="square"
      />
      <div
        className="square"
      />
      <div
        className="square"
      />
      <div
        className="square"
      />
    </div>
    <div
      className="is-primary"
    >
      <div
        className="square"
      />
      <div
        className="square"
      />
      <div
        className="square"
      />
      <div
        className="square"
      />
      <div
        className="square"
      />
      <div
        className="square"
      />
      <div
        className="square"
      />
      <div
        className="square"
      />
      <div
        className="square"
      />
      <div
        className="square"
      />
    </div>
    <div
      className="is-primary"
    >
      <div
        className="square"
      />
      <div
        className="square"
      />
      <div
        className="square"
      />
      <div
        className="square"
      />
      <div
        className="square"
      />
      <div
        className="square"
      />
      <div
        className="square"
      />
      <div
        className="square"
      />
      <div
        className="square"
      />
      <div
        className="square"
      />
    </div>
    <div
      className="is-primary"
    >
      <div
        className="square"
      />
      <div
        className="square"
      />
      <div
        className="square"
      />
      <div
        className="square"
      />
      <div
        className="square"
      />
      <div
        className="square"
      />
      <div
        className="square"
      />
      <div
        className="square"
      />
      <div
        className="square"
      />
      <div
        className="square"
      />
    </div>
    <div
      className="is-primary"
    >
      <div
        className="square"
      />
      <div
        className="square"
      />
      <div
        className="square"
      />
      <div
        className="square"
      />
      <div
        className="square"
      />
      <div
        className="square"
      />
      <div
        className="square"
      />
      <div
        className="square"
      />
      <div
        className="square"
      />
      <div
        className="square"
      />
    </div>
    <div
      className="is-primary"
    >
      <div
        className="square"
      />
      <div
        className="square"
      />
      <div
        className="square"
      />
      <div
        className="square"
      />
      <div
        className="square"
      />
      <div
        className="square"
      />
      <div
        className="square"
      />
      <div
        className="square"
      />
      <div
        className="square"
      />
      <div
        className="square"
      />
    </div>
    <div
      className="is-primary"
    >
      <div
        className="square"
      />
      <div
        className="square"
      />
      <div
        className="square"
      />
      <div
        className="square"
      />
      <div
        className="square"
      />
      <div
        className="square"
      />
      <div
        className="square"
      />
      <div
        className="square"
      />
      <div
        className="square"
      />
      <div
        className="square"
      />
    </div>
    <div
      className="is-primary"
    >
      <div
        className="square"
      />
      <div
        className="square"
      />
      <div
        className="square"
      />
      <div
        className="square"
      />
      <div
        className="square"
      />
      <div
        className="square"
      />
      <div
        className="square"
      />
      <div
        className="square"
      />
      <div
        className="square"
      />
      <div
        className="square"
      />
    </div>
    <div
      className="is-primary"
    >
      <div
        className="square"
      />
      <div
        className="square"
      />
      <div
        className="square"
      />
      <div
        className="square"
      />
      <div
        className="square"
      />
      <div
        className="square"
      />
      <div
        className="square"
      />
      <div
        className="square"
      />
      <div
        className="square"
      />
      <div
        className="square"
      />
    </div>
    <div
      className="is-primary"
    >
      <div
        className="square"
      />
      <div
        className="square"
      />
      <div
        className="square"
      />
      <div
        className="square"
      />
      <div
        className="square"
      />
      <div
        className="square"
      />
      <div
        className="square"
      />
      <div
        className="square"
      />
      <div
        className="square"
      />
      <div
        className="square"
      />
    </div>
  </div>
  <div
    id="meta"
  >
    <div
      className="nes-container with-title is-dark"
    >
      <p
        className="title"
      >
        next
      </p>
      <p>
        ....
      </p>
      <p>
        xxxx
      </p>
      <p>
        ....
      </p>
      <p>
        ....
      </p>
    </div>
    <div
      className="nes-container with-title is-dark"
    >
      <p
        className="title"
      >
        level
      </p>
      <p>
        0
      </p>
    </div>
    <div
      className="nes-container with-title is-dark"
    >
      <p
        className="title"
      >
        score
      </p>
      <p>
        0
      </p>
    </div>
    <div
      className="nes-container with-title is-dark"
    >
      <p
        className="title"
      >
        lines
      </p>
      <p>
        0
      </p>
    </div>
  </div>
</div>
`;

exports[`keys test 2`] = `
<div
  className="is-pattern"
  id="game"
>
  <div
    id="board"
  >
    <div
      className="is-primary"
    >
      <div
        className="square"
      />
      <div
        className="square"
      />
      <div
        className="square"
      />
      <div
        className="square"
      />
      <div
        className="square"
      />
      <div
        className="square"
      />
      <div
        className="square"
      />
      <div
        className="square"
      />
      <div
        className="square"
      />
      <div
        className="square"
      />
    </div>
    <div
      className="is-primary"
    >
      <div
        className="square"
      />
      <div
        className="square"
      />
      <div
        className="square"
      />
      <div
        className="square colored"
      />
      <div
        className="square colored"
      />
      <div
        className="square colored"
      />
      <div
        className="square colored"
      />
      <div
        className="square"
      />
      <div
        className="square"
      />
      <div
        className="square"
      />
    </div>
    <div
      className="is-primary"
    >
      <div
        className="square"
      />
      <div
        className="square"
      />
      <div
        className="square"
      />
      <div
        className="square"
      />
      <div
        className="square"
      />
      <div
        className="square"
      />
      <div
        className="square"
      />
      <div
        className="square"
      />
      <div
        className="square"
      />
      <div
        className="square"
      />
    </div>
    <div
      className="is-primary"
    >
      <div
        className="square"
      />
      <div
        className="square"
      />
      <div
        className="square"
      />
      <div
        className="square"
      />
      <div
        className="square"
      />
      <div
        className="square"
      />
      <div
        className="square"
      />
      <div
        className="square"
      />
      <div
        className="square"
      />
      <div
        className="square"
      />
    </div>
    <div
      className="is-primary"
    >
      <div
        className="square"
      />
      <div
        className="square"
      />
      <div
        className="square"
      />
      <div
        className="square"
      />
      <div
        className="square"
      />
      <div
        className="square"
      />
      <div
        className="square"
      />
      <div
        className="square"
      />
      <div
        className="square"
      />
      <div
        className="square"
      />
    </div>
    <div
      className="is-primary"
    >
      <div
        className="square"
      />
      <div
        className="square"
      />
      <div
        className="square"
      />
      <div
        className="square"
      />
      <div
        className="square"
      />
      <div
        className="square"
      />
      <div
        className="square"
      />
      <div
        className="square"
      />
      <div
        className="square"
      />
      <div
        className="square"
      />
    </div>
    <div
      className="is-primary"
    >
      <div
        className="square"
      />
      <div
        className="square"
      />
      <div
        className="square"
      />
      <div
        className="square"
      />
      <div
        className="square"
      />
      <div
        className="square"
      />
      <div
        className="square"
      />
      <div
        className="square"
      />
      <div
        className="square"
      />
      <div
        className="square"
      />
    </div>
    <div
      className="is-primary"
    >
      <div
        className="square"
      />
      <div
        className="square"
      />
      <div
        className="square"
      />
      <div
        className="square"
      />
      <div
        className="square"
      />
      <div
        className="square"
      />
      <div
        className="square"
      />
      <div
        className="square"
      />
      <div
        className="square"
      />
      <div
        className="square"
      />
    </div>
    <div
      className="is-primary"
    >
      <div
        className="square"
      />
      <div
        className="square"
      />
      <div
        className="square"
      />
      <div
        className="square"
      />
      <div
        className="square"
      />
      <div
        className="square"
      />
      <div
        className="square"
      />
      <div
        className="square"
      />
      <div
        className="square"
      />
      <div
        className="square"
      />
    </div>
    <div
      className="is-primary"
    >
      <div
        className="square"
      />
      <div
        className="square"
      />
      <div
        className="square"
      />
      <div
        className="square"
      />
      <div
        className="square"
      />
      <div
        className="square"
      />
      <div
        className="square"
      />
      <div
        className="square"
      />
      <div
        className="square"
      />
      <div
        className="square"
      />
    </div>
    <div
      className="is-primary"
    >
      <div
        className="square"
      />
      <div
        className="square"
      />
      <div
        className="square"
      />
      <div
        className="square"
      />
      <div
        className="square"
      />
      <div
        className="square"
      />
      <div
        className="square"
      />
      <div
        className="square"
      />
      <div
        className="square"
      />
      <div
        className="square"
      />
    </div>
    <div
      className="is-primary"
    >
      <div
        className="square"
      />
      <div
        className="square"
      />
      <div
        className="square"
      />
      <div
        className="square"
      />
      <div
        className="square"
      />
      <div
        className="square"
      />
      <div
        className="square"
      />
      <div
        className="square"
      />
      <div
        className="square"
      />
      <div
        className="square"
      />
    </div>
    <div
      className="is-primary"
    >
      <div
        className="square"
      />
      <div
        className="square"
      />
      <div
        className="square"
      />
      <div
        className="square"
      />
      <div
        className="square"
      />
      <div
        className="square"
      />
      <div
        className="square"
      />
      <div
        className="square"
      />
      <div
        className="square"
      />
      <div
        className="square"
      />
    </div>
    <div
      className="is-primary"
    >
      <div
        className="square"
      />
      <div
        className="square"
      />
      <div
        className="square"
      />
      <div
        className="square"
      />
      <div
        className="square"
      />
      <div
        className="square"
      />
      <div
        className="square"
      />
      <div
        className="square"
      />
      <div
        className="square"
      />
      <div
        className="square"
      />
    </div>
    <div
      className="is-primary"
    >
      <div
        className="square"
      />
      <div
        className="square"
      />
      <div
        className="square"
      />
      <div
        className="square"
      />
      <div
        className="square"
      />
      <div
        className="square"
      />
      <div
        className="square"
      />
      <div
        className="square"
      />
      <div
        className="square"
      />
      <div
        className="square"
      />
    </div>
    <div
      className="is-primary"
    >
      <div
        className="square"
      />
      <div
        className="square"
      />
      <div
        className="square"
      />
      <div
        className="square"
      />
      <div
        className="square"
      />
      <div
        className="square"
      />
      <div
        className="square"
      />
      <div
        className="square"
      />
      <div
        className="square"
      />
      <div
        className="square"
      />
    </div>
    <div
      className="is-primary"
    >
      <div
        className="square"
      />
      <div
        className="square"
      />
      <div
        className="square"
      />
      <div
        className="square"
      />
      <div
        className="square"
      />
      <div
        className="square"
      />
      <div
        className="square"
      />
      <div
        className="square"
      />
      <div
        className="square"
      />
      <div
        className="square"
      />
    </div>
    <div
      className="is-primary"
    >
      <div
        className="square"
      />
      <div
        className="square"
      />
      <div
        className="square"
      />
      <div
        className="square"
      />
      <div
        className="square"
      />
      <div
        className="square"
      />
      <div
        className="square"
      />
      <div
        className="square"
      />
      <div
        className="square"
      />
      <div
        className="square"
      />
    </div>
    <div
      className="is-primary"
    >
      <div
        className="square"
      />
      <div
        className="square"
      />
      <div
        className="square"
      />
      <div
        className="square"
      />
      <div
        className="square"
      />
      <div
        className="square"
      />
      <div
        className="square"
      />
      <div
        className="square"
      />
      <div
        className="square"
      />
      <div
        className="square"
      />
    </div>
    <div
      className="is-primary"
    >
      <div
        className="square"
      />
      <div
        className="square"
      />
      <div
        className="square"
      />
      <div
        className="square"
      />
      <div
        className="square"
      />
      <div
        className="square"
      />
      <div
        className="square"
      />
      <div
        className="square"
      />
      <div
        className="square"
      />
      <div
        className="square"
      />
    </div>
  </div>
  <div
    id="meta"
  >
    <div
      className="nes-container with-title is-dark"
    >
      <p
        className="title"
      >
        next
      </p>
      <p>
        ....
      </p>
      <p>
        xxxx
      </p>
      <p>
        ....
      </p>
      <p>
        ....
      </p>
    </div>
    <div
      className="nes-container with-title is-dark"
    >
      <p
        className="title"
      >
        level
      </p>
      <p>
        0
      </p>
    </div>
    <div
      className="nes-container with-title is-dark"
    >
      <p
        className="title"
      >
        score
      </p>
      <p>
        0
      </p>
    </div>
    <div
      className="nes-container with-title is-dark"
    >
      <p
        className="title"
      >
        lines
      </p>
      <p>
        0
      </p>
    </div>
  </div>
</div>
`;

exports[`keys test 3`] = `
<div
  className="is-pattern"
  id="game"
>
  <div
    id="board"
  >
    <div
      className="is-primary"
    >
      <div
        className="square"
      />
      <div
        className="square"
      />
      <div
        className="square"
      />
      <div
        className="square"
      />
      <div
        className="square"
      />
      <div
        className="square"
      />
      <div
        className="square"
      />
      <div
        className="square"
      />
      <div
        className="square"
      />
      <div
        className="square"
      />
    </div>
    <div
      className="is-primary"
    >
      <div
        className="square"
      />
      <div
        className="square"
      />
      <div
        className="square"
      />
      <div
        className="square"
      />
      <div
        className="square"
      />
      <div
        className="square"
      />
      <div
        className="square"
      />
      <div
        className="square"
      />
      <div
        className="square"
      />
      <div
        className="square"
      />
    </div>
    <div
      className="is-primary"
    >
      <div
        className="square"
      />
      <div
        className="square"
      />
      <div
        className="square"
      />
      <div
        className="square colored"
      />
      <div
        className="square colored"
      />
      <div
        className="square colored"
      />
      <div
        className="square colored"
      />
      <div
        className="square"
      />
      <div
        className="square"
      />
      <div
        className="square"
      />
    </div>
    <div
      className="is-primary"
    >
      <div
        className="square"
      />
      <div
        className="square"
      />
      <div
        className="square"
      />
      <div
        className="square"
      />
      <div
        className="square"
      />
      <div
        className="square"
      />
      <div
        className="square"
      />
      <div
        className="square"
      />
      <div
        className="square"
      />
      <div
        className="square"
      />
    </div>
    <div
      className="is-primary"
    >
      <div
        className="square"
      />
      <div
        className="square"
      />
      <div
        className="square"
      />
      <div
        className="square"
      />
      <div
        className="square"
      />
      <div
        className="square"
      />
      <div
        className="square"
      />
      <div
        className="square"
      />
      <div
        className="square"
      />
      <div
        className="square"
      />
    </div>
    <div
      className="is-primary"
    >
      <div
        className="square"
      />
      <div
        className="square"
      />
      <div
        className="square"
      />
      <div
        className="square"
      />
      <div
        className="square"
      />
      <div
        className="square"
      />
      <div
        className="square"
      />
      <div
        className="square"
      />
      <div
        className="square"
      />
      <div
        className="square"
      />
    </div>
    <div
      className="is-primary"
    >
      <div
        className="square"
      />
      <div
        className="square"
      />
      <div
        className="square"
      />
      <div
        className="square"
      />
      <div
        className="square"
      />
      <div
        className="square"
      />
      <div
        className="square"
      />
      <div
        className="square"
      />
      <div
        className="square"
      />
      <div
        className="square"
      />
    </div>
    <div
      className="is-primary"
    >
      <div
        className="square"
      />
      <div
        className="square"
      />
      <div
        className="square"
      />
      <div
        className="square"
      />
      <div
        className="square"
      />
      <div
        className="square"
      />
      <div
        className="square"
      />
      <div
        className="square"
      />
      <div
        className="square"
      />
      <div
        className="square"
      />
    </div>
    <div
      className="is-primary"
    >
      <div
        className="square"
      />
      <div
        className="square"
      />
      <div
        className="square"
      />
      <div
        className="square"
      />
      <div
        className="square"
      />
      <div
        className="square"
      />
      <div
        className="square"
      />
      <div
        className="square"
      />
      <div
        className="square"
      />
      <div
        className="square"
      />
    </div>
    <div
      className="is-primary"
    >
      <div
        className="square"
      />
      <div
        className="square"
      />
      <div
        className="square"
      />
      <div
        className="square"
      />
      <div
        className="square"
      />
      <div
        className="square"
      />
      <div
        className="square"
      />
      <div
        className="square"
      />
      <div
        className="square"
      />
      <div
        className="square"
      />
    </div>
    <div
      className="is-primary"
    >
      <div
        className="square"
      />
      <div
        className="square"
      />
      <div
        className="square"
      />
      <div
        className="square"
      />
      <div
        className="square"
      />
      <div
        className="square"
      />
      <div
        className="square"
      />
      <div
        className="square"
      />
      <div
        className="square"
      />
      <div
        className="square"
      />
    </div>
    <div
      className="is-primary"
    >
      <div
        className="square"
      />
      <div
        className="square"
      />
      <div
        className="square"
      />
      <div
        className="square"
      />
      <div
        className="square"
      />
      <div
        className="square"
      />
      <div
        className="square"
      />
      <div
        className="square"
      />
      <div
        className="square"
      />
      <div
        className="square"
      />
    </div>
    <div
      className="is-primary"
    >
      <div
        className="square"
      />
      <div
        className="square"
      />
      <div
        className="square"
      />
      <div
        className="square"
      />
      <div
        className="square"
      />
      <div
        className="square"
      />
      <div
        className="square"
      />
      <div
        className="square"
      />
      <div
        className="square"
      />
      <div
        className="square"
      />
    </div>
    <div
      className="is-primary"
    >
      <div
        className="square"
      />
      <div
        className="square"
      />
      <div
        className="square"
      />
      <div
        className="square"
      />
      <div
        className="square"
      />
      <div
        className="square"
      />
      <div
        className="square"
      />
      <div
        className="square"
      />
      <div
        className="square"
      />
      <div
        className="square"
      />
    </div>
    <div
      className="is-primary"
    >
      <div
        className="square"
      />
      <div
        className="square"
      />
      <div
        className="square"
      />
      <div
        className="square"
      />
      <div
        className="square"
      />
      <div
        className="square"
      />
      <div
        className="square"
      />
      <div
        className="square"
      />
      <div
        className="square"
      />
      <div
        className="square"
      />
    </div>
    <div
      className="is-primary"
    >
      <div
        className="square"
      />
      <div
        className="square"
      />
      <div
        className="square"
      />
      <div
        className="square"
      />
      <div
        className="square"
      />
      <div
        className="square"
      />
      <div
        className="square"
      />
      <div
        className="square"
      />
      <div
        className="square"
      />
      <div
        className="square"
      />
    </div>
    <div
      className="is-primary"
    >
      <div
        className="square"
      />
      <div
        className="square"
      />
      <div
        className="square"
      />
      <div
        className="square"
      />
      <div
        className="square"
      />
      <div
        className="square"
      />
      <div
        className="square"
      />
      <div
        className="square"
      />
      <div
        className="square"
      />
      <div
        className="square"
      />
    </div>
    <div
      className="is-primary"
    >
      <div
        className="square"
      />
      <div
        className="square"
      />
      <div
        className="square"
      />
      <div
        className="square"
      />
      <div
        className="square"
      />
      <div
        className="square"
      />
      <div
        className="square"
      />
      <div
        className="square"
      />
      <div
        className="square"
      />
      <div
        className="square"
      />
    </div>
    <div
      className="is-primary"
    >
      <div
        className="square"
      />
      <div
        className="square"
      />
      <div
        className="square"
      />
      <div
        className="square"
      />
      <div
        className="square"
      />
      <div
        className="square"
      />
      <div
        className="square"
      />
      <div
        className="square"
      />
      <div
        className="square"
      />
      <div
        className="square"
      />
    </div>
    <div
      className="is-primary"
    >
      <div
        className="square"
      />
      <div
        className="square"
      />
      <div
        className="square"
      />
      <div
        className="square"
      />
      <div
        className="square"
      />
      <div
        className="square"
      />
      <div
        className="square"
      />
      <div
        className="square"
      />
      <div
        className="square"
      />
      <div
        className="square"
      />
    </div>
  </div>
  <div
    id="meta"
  >
    <div
      className="nes-container with-title is-dark"
    >
      <p
        className="title"
      >
        next
      </p>
      <p>
        ....
      </p>
      <p>
        xxxx
      </p>
      <p>
        ....
      </p>
      <p>
        ....
      </p>
    </div>
    <div
      className="nes-container with-title is-dark"
    >
      <p
        className="title"
      >
        level
      </p>
      <p>
        0
      </p>
    </div>
    <div
      className="nes-container with-title is-dark"
    >
      <p
        className="title"
      >
        score
      </p>
      <p>
        0
      </p>
    </div>
    <div
      className="nes-container with-title is-dark"
    >
      <p
        className="title"
      >
        lines
      </p>
      <p>
        0
      </p>
    </div>
  </div>
</div>
`;

exports[`keys test 4`] = `
<div
  className="is-pattern"
  id="game"
>
  <div
    id="board"
  >
    <div
      className="is-primary"
    >
      <div
        className="square"
      />
      <div
        className="square"
      />
      <div
        className="square"
      />
      <div
        className="square"
      />
      <div
        className="square"
      />
      <div
        className="square"
      />
      <div
        className="square"
      />
      <div
        className="square"
      />
      <div
        className="square"
      />
      <div
        className="square"
      />
    </div>
    <div
      className="is-primary"
    >
      <div
        className="square"
      />
      <div
        className="square"
      />
      <div
        className="square"
      />
      <div
        className="square"
      />
      <div
        className="square"
      />
      <div
        className="square colored"
      />
      <div
        className="square"
      />
      <div
        className="square"
      />
      <div
        className="square"
      />
      <div
        className="square"
      />
    </div>
    <div
      className="is-primary"
    >
      <div
        className="square"
      />
      <div
        className="square"
      />
      <div
        className="square"
      />
      <div
        className="square"
      />
      <div
        className="square"
      />
      <div
        className="square colored"
      />
      <div
        className="square"
      />
      <div
        className="square"
      />
      <div
        className="square"
      />
      <div
        className="square"
      />
    </div>
    <div
      className="is-primary"
    >
      <div
        className="square"
      />
      <div
        className="square"
      />
      <div
        className="square"
      />
      <div
        className="square"
      />
      <div
        className="square"
      />
      <div
        className="square colored"
      />
      <div
        className="square"
      />
      <div
        className="square"
      />
      <div
        className="square"
      />
      <div
        className="square"
      />
    </div>
    <div
      className="is-primary"
    >
      <div
        className="square"
      />
      <div
        className="square"
      />
      <div
        className="square"
      />
      <div
        className="square"
      />
      <div
        className="square"
      />
      <div
        className="square colored"
      />
      <div
        className="square"
      />
      <div
        className="square"
      />
      <div
        className="square"
      />
      <div
        className="square"
      />
    </div>
    <div
      className="is-primary"
    >
      <div
        className="square"
      />
      <div
        className="square"
      />
      <div
        className="square"
      />
      <div
        className="square"
      />
      <div
        className="square"
      />
      <div
        className="square"
      />
      <div
        className="square"
      />
      <div
        className="square"
      />
      <div
        className="square"
      />
      <div
        className="square"
      />
    </div>
    <div
      className="is-primary"
    >
      <div
        className="square"
      />
      <div
        className="square"
      />
      <div
        className="square"
      />
      <div
        className="square"
      />
      <div
        className="square"
      />
      <div
        className="square"
      />
      <div
        className="square"
      />
      <div
        className="square"
      />
      <div
        className="square"
      />
      <div
        className="square"
      />
    </div>
    <div
      className="is-primary"
    >
      <div
        className="square"
      />
      <div
        className="square"
      />
      <div
        className="square"
      />
      <div
        className="square"
      />
      <div
        className="square"
      />
      <div
        className="square"
      />
      <div
        className="square"
      />
      <div
        className="square"
      />
      <div
        className="square"
      />
      <div
        className="square"
      />
    </div>
    <div
      className="is-primary"
    >
      <div
        className="square"
      />
      <div
        className="square"
      />
      <div
        className="square"
      />
      <div
        className="square"
      />
      <div
        className="square"
      />
      <div
        className="square"
      />
      <div
        className="square"
      />
      <div
        className="square"
      />
      <div
        className="square"
      />
      <div
        className="square"
      />
    </div>
    <div
      className="is-primary"
    >
      <div
        className="square"
      />
      <div
        className="square"
      />
      <div
        className="square"
      />
      <div
        className="square"
      />
      <div
        className="square"
      />
      <div
        className="square"
      />
      <div
        className="square"
      />
      <div
        className="square"
      />
      <div
        className="square"
      />
      <div
        className="square"
      />
    </div>
    <div
      className="is-primary"
    >
      <div
        className="square"
      />
      <div
        className="square"
      />
      <div
        className="square"
      />
      <div
        className="square"
      />
      <div
        className="square"
      />
      <div
        className="square"
      />
      <div
        className="square"
      />
      <div
        className="square"
      />
      <div
        className="square"
      />
      <div
        className="square"
      />
    </div>
    <div
      className="is-primary"
    >
      <div
        className="square"
      />
      <div
        className="square"
      />
      <div
        className="square"
      />
      <div
        className="square"
      />
      <div
        className="square"
      />
      <div
        className="square"
      />
      <div
        className="square"
      />
      <div
        className="square"
      />
      <div
        className="square"
      />
      <div
        className="square"
      />
    </div>
    <div
      className="is-primary"
    >
      <div
        className="square"
      />
      <div
        className="square"
      />
      <div
        className="square"
      />
      <div
        className="square"
      />
      <div
        className="square"
      />
      <div
        className="square"
      />
      <div
        className="square"
      />
      <div
        className="square"
      />
      <div
        className="square"
      />
      <div
        className="square"
      />
    </div>
    <div
      className="is-primary"
    >
      <div
        className="square"
      />
      <div
        className="square"
      />
      <div
        className="square"
      />
      <div
        className="square"
      />
      <div
        className="square"
      />
      <div
        className="square"
      />
      <div
        className="square"
      />
      <div
        className="square"
      />
      <div
        className="square"
      />
      <div
        className="square"
      />
    </div>
    <div
      className="is-primary"
    >
      <div
        className="square"
      />
      <div
        className="square"
      />
      <div
        className="square"
      />
      <div
        className="square"
      />
      <div
        className="square"
      />
      <div
        className="square"
      />
      <div
        className="square"
      />
      <div
        className="square"
      />
      <div
        className="square"
      />
      <div
        className="square"
      />
    </div>
    <div
      className="is-primary"
    >
      <div
        className="square"
      />
      <div
        className="square"
      />
      <div
        className="square"
      />
      <div
        className="square"
      />
      <div
        className="square"
      />
      <div
        className="square"
      />
      <div
        className="square"
      />
      <div
        className="square"
      />
      <div
        className="square"
      />
      <div
        className="square"
      />
    </div>
    <div
      className="is-primary"
    >
      <div
        className="square"
      />
      <div
        className="square"
      />
      <div
        className="square"
      />
      <div
        className="square"
      />
      <div
        className="square"
      />
      <div
        className="square"
      />
      <div
        className="square"
      />
      <div
        className="square"
      />
      <div
        className="square"
      />
      <div
        className="square"
      />
    </div>
    <div
      className="is-primary"
    >
      <div
        className="square"
      />
      <div
        className="square"
      />
      <div
        className="square"
      />
      <div
        className="square"
      />
      <div
        className="square"
      />
      <div
        className="square"
      />
      <div
        className="square"
      />
      <div
        className="square"
      />
      <div
        className="square"
      />
      <div
        className="square"
      />
    </div>
    <div
      className="is-primary"
    >
      <div
        className="square"
      />
      <div
        className="square"
      />
      <div
        className="square"
      />
      <div
        className="square"
      />
      <div
        className="square"
      />
      <div
        className="square"
      />
      <div
        className="square"
      />
      <div
        className="square"
      />
      <div
        className="square"
      />
      <div
        className="square"
      />
    </div>
    <div
      className="is-primary"
    >
      <div
        className="square"
      />
      <div
        className="square"
      />
      <div
        className="square"
      />
      <div
        className="square"
      />
      <div
        className="square"
      />
      <div
        className="square"
      />
      <div
        className="square"
      />
      <div
        className="square"
      />
      <div
        className="square"
      />
      <div
        className="square"
      />
    </div>
  </div>
  <div
    id="meta"
  >
    <div
      className="nes-container with-title is-dark"
    >
      <p
        className="title"
      >
        next
      </p>
      <p>
        ....
      </p>
      <p>
        xxxx
      </p>
      <p>
        ....
      </p>
      <p>
        ....
      </p>
    </div>
    <div
      className="nes-container with-title is-dark"
    >
      <p
        className="title"
      >
        level
      </p>
      <p>
        0
      </p>
    </div>
    <div
      className="nes-container with-title is-dark"
    >
      <p
        className="title"
      >
        score
      </p>
      <p>
        0
      </p>
    </div>
    <div
      className="nes-container with-title is-dark"
    >
      <p
        className="title"
      >
        lines
      </p>
      <p>
        0
      </p>
    </div>
  </div>
</div>
`;

exports[`tetriminos at end of board 1`] = `
<div
  className="is-pattern"
  id="game"
>
  <div
    id="board"
  >
    <div
      className="is-primary"
    >
      <div
        className="square"
      />
      <div
        className="square"
      />
      <div
        className="square"
      />
      <div
        className="square"
      />
      <div
        className="square"
      />
      <div
        className="square"
      />
      <div
        className="square"
      />
      <div
        className="square"
      />
      <div
        className="square"
      />
      <div
        className="square"
      />
    </div>
    <div
      className="is-primary"
    >
      <div
        className="square"
      />
      <div
        className="square"
      />
      <div
        className="square"
      />
      <div
        className="square"
      />
      <div
        className="square colored"
      />
      <div
        className="square colored"
      />
      <div
        className="square colored"
      />
      <div
        className="square colored"
      />
      <div
        className="square"
      />
      <div
        className="square"
      />
    </div>
    <div
      className="is-primary"
    >
      <div
        className="square"
      />
      <div
        className="square"
      />
      <div
        className="square"
      />
      <div
        className="square"
      />
      <div
        className="square"
      />
      <div
        className="square"
      />
      <div
        className="square"
      />
      <div
        className="square"
      />
      <div
        className="square"
      />
      <div
        className="square"
      />
    </div>
    <div
      className="is-primary"
    >
      <div
        className="square"
      />
      <div
        className="square"
      />
      <div
        className="square"
      />
      <div
        className="square"
      />
      <div
        className="square"
      />
      <div
        className="square"
      />
      <div
        className="square"
      />
      <div
        className="square"
      />
      <div
        className="square"
      />
      <div
        className="square"
      />
    </div>
    <div
      className="is-primary"
    >
      <div
        className="square"
      />
      <div
        className="square"
      />
      <div
        className="square"
      />
      <div
        className="square"
      />
      <div
        className="square"
      />
      <div
        className="square"
      />
      <div
        className="square"
      />
      <div
        className="square"
      />
      <div
        className="square"
      />
      <div
        className="square"
      />
    </div>
    <div
      className="is-primary"
    >
      <div
        className="square"
      />
      <div
        className="square"
      />
      <div
        className="square"
      />
      <div
        className="square"
      />
      <div
        className="square"
      />
      <div
        className="square"
      />
      <div
        className="square"
      />
      <div
        className="square"
      />
      <div
        className="square"
      />
      <div
        className="square"
      />
    </div>
    <div
      className="is-primary"
    >
      <div
        className="square"
      />
      <div
        className="square"
      />
      <div
        className="square"
      />
      <div
        className="square"
      />
      <div
        className="square"
      />
      <div
        className="square"
      />
      <div
        className="square"
      />
      <div
        className="square"
      />
      <div
        className="square"
      />
      <div
        className="square"
      />
    </div>
    <div
      className="is-primary"
    >
      <div
        className="square"
      />
      <div
        className="square"
      />
      <div
        className="square"
      />
      <div
        className="square"
      />
      <div
        className="square"
      />
      <div
        className="square"
      />
      <div
        className="square"
      />
      <div
        className="square"
      />
      <div
        className="square"
      />
      <div
        className="square"
      />
    </div>
    <div
      className="is-primary"
    >
      <div
        className="square"
      />
      <div
        className="square"
      />
      <div
        className="square"
      />
      <div
        className="square"
      />
      <div
        className="square"
      />
      <div
        className="square"
      />
      <div
        className="square"
      />
      <div
        className="square"
      />
      <div
        className="square"
      />
      <div
        className="square"
      />
    </div>
    <div
      className="is-primary"
    >
      <div
        className="square"
      />
      <div
        className="square"
      />
      <div
        className="square"
      />
      <div
        className="square"
      />
      <div
        className="square"
      />
      <div
        className="square"
      />
      <div
        className="square"
      />
      <div
        className="square"
      />
      <div
        className="square"
      />
      <div
        className="square"
      />
    </div>
    <div
      className="is-primary"
    >
      <div
        className="square"
      />
      <div
        className="square"
      />
      <div
        className="square"
      />
      <div
        className="square"
      />
      <div
        className="square"
      />
      <div
        className="square"
      />
      <div
        className="square"
      />
      <div
        className="square"
      />
      <div
        className="square"
      />
      <div
        className="square"
      />
    </div>
    <div
      className="is-primary"
    >
      <div
        className="square"
      />
      <div
        className="square"
      />
      <div
        className="square"
      />
      <div
        className="square"
      />
      <div
        className="square"
      />
      <div
        className="square"
      />
      <div
        className="square"
      />
      <div
        className="square"
      />
      <div
        className="square"
      />
      <div
        className="square"
      />
    </div>
    <div
      className="is-primary"
    >
      <div
        className="square"
      />
      <div
        className="square"
      />
      <div
        className="square"
      />
      <div
        className="square"
      />
      <div
        className="square"
      />
      <div
        className="square"
      />
      <div
        className="square"
      />
      <div
        className="square"
      />
      <div
        className="square"
      />
      <div
        className="square"
      />
    </div>
    <div
      className="is-primary"
    >
      <div
        className="square"
      />
      <div
        className="square"
      />
      <div
        className="square"
      />
      <div
        className="square"
      />
      <div
        className="square"
      />
      <div
        className="square"
      />
      <div
        className="square"
      />
      <div
        className="square"
      />
      <div
        className="square"
      />
      <div
        className="square"
      />
    </div>
    <div
      className="is-primary"
    >
      <div
        className="square"
      />
      <div
        className="square"
      />
      <div
        className="square"
      />
      <div
        className="square"
      />
      <div
        className="square"
      />
      <div
        className="square"
      />
      <div
        className="square"
      />
      <div
        className="square"
      />
      <div
        className="square"
      />
      <div
        className="square"
      />
    </div>
    <div
      className="is-primary"
    >
      <div
        className="square"
      />
      <div
        className="square"
      />
      <div
        className="square"
      />
      <div
        className="square"
      />
      <div
        className="square"
      />
      <div
        className="square"
      />
      <div
        className="square"
      />
      <div
        className="square"
      />
      <div
        className="square"
      />
      <div
        className="square"
      />
    </div>
    <div
      className="is-primary"
    >
      <div
        className="square"
      />
      <div
        className="square"
      />
      <div
        className="square"
      />
      <div
        className="square"
      />
      <div
        className="square"
      />
      <div
        className="square"
      />
      <div
        className="square"
      />
      <div
        className="square"
      />
      <div
        className="square"
      />
      <div
        className="square"
      />
    </div>
    <div
      className="is-primary"
    >
      <div
        className="square"
      />
      <div
        className="square"
      />
      <div
        className="square"
      />
      <div
        className="square"
      />
      <div
        className="square"
      />
      <div
        className="square"
      />
      <div
        className="square"
      />
      <div
        className="square"
      />
      <div
        className="square"
      />
      <div
        className="square"
      />
    </div>
    <div
      className="is-primary"
    >
      <div
        className="square"
      />
      <div
        className="square"
      />
      <div
        className="square"
      />
      <div
        className="square"
      />
      <div
        className="square"
      />
      <div
        className="square"
      />
      <div
        className="square"
      />
      <div
        className="square"
      />
      <div
        className="square"
      />
      <div
        className="square"
      />
    </div>
    <div
      className="is-primary"
    >
      <div
        className="square"
      />
      <div
        className="square"
      />
      <div
        className="square"
      />
      <div
        className="square"
      />
      <div
        className="square"
      />
      <div
        className="square"
      />
      <div
        className="square"
      />
      <div
        className="square"
      />
      <div
        className="square"
      />
      <div
        className="square"
      />
    </div>
  </div>
  <div
    id="meta"
  >
    <div
      className="nes-container with-title is-dark"
    >
      <p
        className="title"
      >
        next
      </p>
      <p>
        ....
      </p>
      <p>
        xxxx
      </p>
      <p>
        ....
      </p>
      <p>
        ....
      </p>
    </div>
    <div
      className="nes-container with-title is-dark"
    >
      <p
        className="title"
      >
        level
      </p>
      <p>
        0
      </p>
    </div>
    <div
      className="nes-container with-title is-dark"
    >
      <p
        className="title"
      >
        score
      </p>
      <p>
        0
      </p>
    </div>
    <div
      className="nes-container with-title is-dark"
    >
      <p
        className="title"
      >
        lines
      </p>
      <p>
        0
      </p>
    </div>
  </div>
</div>
`;

exports[`tetriminos at end of board 2`] = `
<div
  className="is-pattern"
  id="game"
>
  <div
    id="board"
  >
    <div
      className="is-primary"
    >
      <div
        className="square"
      />
      <div
        className="square"
      />
      <div
        className="square"
      />
      <div
        className="square"
      />
      <div
        className="square"
      />
      <div
        className="square"
      />
      <div
        className="square"
      />
      <div
        className="square"
      />
      <div
        className="square"
      />
      <div
        className="square"
      />
    </div>
    <div
      className="is-primary"
    >
      <div
        className="square"
      />
      <div
        className="square"
      />
      <div
        className="square"
      />
      <div
        className="square"
      />
      <div
        className="square colored"
      />
      <div
        className="square colored"
      />
      <div
        className="square colored"
      />
      <div
        className="square colored"
      />
      <div
        className="square"
      />
      <div
        className="square"
      />
    </div>
    <div
      className="is-primary"
    >
      <div
        className="square"
      />
      <div
        className="square"
      />
      <div
        className="square"
      />
      <div
        className="square"
      />
      <div
        className="square"
      />
      <div
        className="square"
      />
      <div
        className="square"
      />
      <div
        className="square"
      />
      <div
        className="square"
      />
      <div
        className="square"
      />
    </div>
    <div
      className="is-primary"
    >
      <div
        className="square"
      />
      <div
        className="square"
      />
      <div
        className="square"
      />
      <div
        className="square"
      />
      <div
        className="square"
      />
      <div
        className="square"
      />
      <div
        className="square"
      />
      <div
        className="square"
      />
      <div
        className="square"
      />
      <div
        className="square"
      />
    </div>
    <div
      className="is-primary"
    >
      <div
        className="square"
      />
      <div
        className="square"
      />
      <div
        className="square"
      />
      <div
        className="square"
      />
      <div
        className="square"
      />
      <div
        className="square"
      />
      <div
        className="square"
      />
      <div
        className="square"
      />
      <div
        className="square"
      />
      <div
        className="square"
      />
    </div>
    <div
      className="is-primary"
    >
      <div
        className="square"
      />
      <div
        className="square"
      />
      <div
        className="square"
      />
      <div
        className="square"
      />
      <div
        className="square"
      />
      <div
        className="square"
      />
      <div
        className="square"
      />
      <div
        className="square"
      />
      <div
        className="square"
      />
      <div
        className="square"
      />
    </div>
    <div
      className="is-primary"
    >
      <div
        className="square"
      />
      <div
        className="square"
      />
      <div
        className="square"
      />
      <div
        className="square"
      />
      <div
        className="square"
      />
      <div
        className="square"
      />
      <div
        className="square"
      />
      <div
        className="square"
      />
      <div
        className="square"
      />
      <div
        className="square"
      />
    </div>
    <div
      className="is-primary"
    >
      <div
        className="square"
      />
      <div
        className="square"
      />
      <div
        className="square"
      />
      <div
        className="square"
      />
      <div
        className="square"
      />
      <div
        className="square"
      />
      <div
        className="square"
      />
      <div
        className="square"
      />
      <div
        className="square"
      />
      <div
        className="square"
      />
    </div>
    <div
      className="is-primary"
    >
      <div
        className="square"
      />
      <div
        className="square"
      />
      <div
        className="square"
      />
      <div
        className="square"
      />
      <div
        className="square"
      />
      <div
        className="square"
      />
      <div
        className="square"
      />
      <div
        className="square"
      />
      <div
        className="square"
      />
      <div
        className="square"
      />
    </div>
    <div
      className="is-primary"
    >
      <div
        className="square"
      />
      <div
        className="square"
      />
      <div
        className="square"
      />
      <div
        className="square"
      />
      <div
        className="square"
      />
      <div
        className="square"
      />
      <div
        className="square"
      />
      <div
        className="square"
      />
      <div
        className="square"
      />
      <div
        className="square"
      />
    </div>
    <div
      className="is-primary"
    >
      <div
        className="square"
      />
      <div
        className="square"
      />
      <div
        className="square"
      />
      <div
        className="square"
      />
      <div
        className="square"
      />
      <div
        className="square"
      />
      <div
        className="square"
      />
      <div
        className="square"
      />
      <div
        className="square"
      />
      <div
        className="square"
      />
    </div>
    <div
      className="is-primary"
    >
      <div
        className="square"
      />
      <div
        className="square"
      />
      <div
        className="square"
      />
      <div
        className="square"
      />
      <div
        className="square"
      />
      <div
        className="square"
      />
      <div
        className="square"
      />
      <div
        className="square"
      />
      <div
        className="square"
      />
      <div
        className="square"
      />
    </div>
    <div
      className="is-primary"
    >
      <div
        className="square"
      />
      <div
        className="square"
      />
      <div
        className="square"
      />
      <div
        className="square"
      />
      <div
        className="square"
      />
      <div
        className="square"
      />
      <div
        className="square"
      />
      <div
        className="square"
      />
      <div
        className="square"
      />
      <div
        className="square"
      />
    </div>
    <div
      className="is-primary"
    >
      <div
        className="square"
      />
      <div
        className="square"
      />
      <div
        className="square"
      />
      <div
        className="square"
      />
      <div
        className="square"
      />
      <div
        className="square"
      />
      <div
        className="square"
      />
      <div
        className="square"
      />
      <div
        className="square"
      />
      <div
        className="square"
      />
    </div>
    <div
      className="is-primary"
    >
      <div
        className="square"
      />
      <div
        className="square"
      />
      <div
        className="square"
      />
      <div
        className="square"
      />
      <div
        className="square"
      />
      <div
        className="square"
      />
      <div
        className="square"
      />
      <div
        className="square"
      />
      <div
        className="square"
      />
      <div
        className="square"
      />
    </div>
    <div
      className="is-primary"
    >
      <div
        className="square"
      />
      <div
        className="square"
      />
      <div
        className="square"
      />
      <div
        className="square"
      />
      <div
        className="square"
      />
      <div
        className="square"
      />
      <div
        className="square"
      />
      <div
        className="square"
      />
      <div
        className="square"
      />
      <div
        className="square"
      />
    </div>
    <div
      className="is-primary"
    >
      <div
        className="square"
      />
      <div
        className="square"
      />
      <div
        className="square"
      />
      <div
        className="square"
      />
      <div
        className="square"
      />
      <div
        className="square"
      />
      <div
        className="square"
      />
      <div
        className="square"
      />
      <div
        className="square"
      />
      <div
        className="square"
      />
    </div>
    <div
      className="is-primary"
    >
      <div
        className="square"
      />
      <div
        className="square"
      />
      <div
        className="square"
      />
      <div
        className="square"
      />
      <div
        className="square"
      />
      <div
        className="square"
      />
      <div
        className="square"
      />
      <div
        className="square"
      />
      <div
        className="square"
      />
      <div
        className="square"
      />
    </div>
    <div
      className="is-primary"
    >
      <div
        className="square"
      />
      <div
        className="square"
      />
      <div
        className="square"
      />
      <div
        className="square"
      />
      <div
        className="square"
      />
      <div
        className="square"
      />
      <div
        className="square"
      />
      <div
        className="square"
      />
      <div
        className="square"
      />
      <div
        className="square"
      />
    </div>
    <div
      className="is-primary"
    >
      <div
        className="square"
      />
      <div
        className="square"
      />
      <div
        className="square"
      />
      <div
        className="square"
      />
      <div
        className="square"
      />
      <div
        className="square"
      />
      <div
        className="square"
      />
      <div
        className="square"
      />
      <div
        className="square"
      />
      <div
        className="square"
      />
    </div>
  </div>
  <div
    id="meta"
  >
    <div
      className="nes-container with-title is-dark"
    >
      <p
        className="title"
      >
        next
      </p>
      <p>
        ....
      </p>
      <p>
        xxxx
      </p>
      <p>
        ....
      </p>
      <p>
        ....
      </p>
    </div>
    <div
      className="nes-container with-title is-dark"
    >
      <p
        className="title"
      >
        level
      </p>
      <p>
        0
      </p>
    </div>
    <div
      className="nes-container with-title is-dark"
    >
      <p
        className="title"
      >
        score
      </p>
      <p>
        0
      </p>
    </div>
    <div
      className="nes-container with-title is-dark"
    >
      <p
        className="title"
      >
        lines
      </p>
      <p>
        0
      </p>
    </div>
  </div>
</div>
`;
