// Jest Snapshot v1, https://goo.gl/fbAQLP

exports[`board with 1 tetriminos 1`] = `
<div
  id="board"
>
  <div
    className="is-primary"
  >
    <div
      className="square"
    />
    <div
      className="square"
    />
    <div
      className="square"
    />
    <div
      className="square"
    />
    <div
      className="square"
    />
    <div
      className="square"
    />
    <div
      className="square"
    />
    <div
      className="square"
    />
    <div
      className="square"
    />
    <div
      className="square"
    />
  </div>
  <div
    className="is-primary"
  >
    <div
      className="square"
    />
    <div
      className="square"
    />
    <div
      className="square"
    />
    <div
      className="square"
    />
    <div
      className="square"
    />
    <div
      className="square"
    />
    <div
      className="square"
    />
    <div
      className="square"
    />
    <div
      className="square"
    />
    <div
      className="square"
    />
  </div>
  <div
    className="is-primary"
  >
    <div
      className="square"
    />
    <div
      className="square"
    />
    <div
      className="square"
    />
    <div
      className="square"
    />
    <div
      className="square"
    />
    <div
      className="square"
    />
    <div
      className="square"
    />
    <div
      className="square"
    />
    <div
      className="square"
    />
    <div
      className="square"
    />
  </div>
  <div
    className="is-primary"
  >
    <div
      className="square"
    />
    <div
      className="square"
    />
    <div
      className="square"
    />
    <div
      className="square"
    />
    <div
      className="square"
    />
    <div
      className="square colored"
    />
    <div
      className="square colored"
    />
    <div
      className="square"
    />
    <div
      className="square"
    />
    <div
      className="square"
    />
  </div>
  <div
    className="is-primary"
  >
    <div
      className="square"
    />
    <div
      className="square"
    />
    <div
      className="square"
    />
    <div
      className="square"
    />
    <div
      className="square"
    />
    <div
      className="square colored"
    />
    <div
      className="square colored"
    />
    <div
      className="square"
    />
    <div
      className="square"
    />
    <div
      className="square"
    />
  </div>
  <div
    className="is-primary"
  >
    <div
      className="square"
    />
    <div
      className="square"
    />
    <div
      className="square"
    />
    <div
      className="square"
    />
    <div
      className="square"
    />
    <div
      className="square"
    />
    <div
      className="square"
    />
    <div
      className="square"
    />
    <div
      className="square"
    />
    <div
      className="square"
    />
  </div>
  <div
    className="is-primary"
  >
    <div
      className="square"
    />
    <div
      className="square"
    />
    <div
      className="square"
    />
    <div
      className="square"
    />
    <div
      className="square"
    />
    <div
      className="square"
    />
    <div
      className="square"
    />
    <div
      className="square"
    />
    <div
      className="square"
    />
    <div
      className="square"
    />
  </div>
  <div
    className="is-primary"
  >
    <div
      className="square"
    />
    <div
      className="square"
    />
    <div
      className="square"
    />
    <div
      className="square"
    />
    <div
      className="square"
    />
    <div
      className="square"
    />
    <div
      className="square"
    />
    <div
      className="square"
    />
    <div
      className="square"
    />
    <div
      className="square"
    />
  </div>
  <div
    className="is-primary"
  >
    <div
      className="square"
    />
    <div
      className="square"
    />
    <div
      className="square"
    />
    <div
      className="square"
    />
    <div
      className="square"
    />
    <div
      className="square"
    />
    <div
      className="square"
    />
    <div
      className="square"
    />
    <div
      className="square"
    />
    <div
      className="square"
    />
  </div>
  <div
    className="is-primary"
  >
    <div
      className="square"
    />
    <div
      className="square"
    />
    <div
      className="square"
    />
    <div
      className="square"
    />
    <div
      className="square"
    />
    <div
      className="square"
    />
    <div
      className="square"
    />
    <div
      className="square"
    />
    <div
      className="square"
    />
    <div
      className="square"
    />
  </div>
  <div
    className="is-primary"
  >
    <div
      className="square"
    />
    <div
      className="square"
    />
    <div
      className="square"
    />
    <div
      className="square"
    />
    <div
      className="square"
    />
    <div
      className="square"
    />
    <div
      className="square"
    />
    <div
      className="square"
    />
    <div
      className="square"
    />
    <div
      className="square"
    />
  </div>
  <div
    className="is-primary"
  >
    <div
      className="square"
    />
    <div
      className="square"
    />
    <div
      className="square"
    />
    <div
      className="square"
    />
    <div
      className="square"
    />
    <div
      className="square"
    />
    <div
      className="square"
    />
    <div
      className="square"
    />
    <div
      className="square"
    />
    <div
      className="square"
    />
  </div>
  <div
    className="is-primary"
  >
    <div
      className="square"
    />
    <div
      className="square"
    />
    <div
      className="square"
    />
    <div
      className="square"
    />
    <div
      className="square"
    />
    <div
      className="square"
    />
    <div
      className="square"
    />
    <div
      className="square"
    />
    <div
      className="square"
    />
    <div
      className="square"
    />
  </div>
  <div
    className="is-primary"
  >
    <div
      className="square"
    />
    <div
      className="square"
    />
    <div
      className="square"
    />
    <div
      className="square"
    />
    <div
      className="square"
    />
    <div
      className="square"
    />
    <div
      className="square"
    />
    <div
      className="square"
    />
    <div
      className="square"
    />
    <div
      className="square"
    />
  </div>
  <div
    className="is-primary"
  >
    <div
      className="square"
    />
    <div
      className="square"
    />
    <div
      className="square"
    />
    <div
      className="square"
    />
    <div
      className="square"
    />
    <div
      className="square"
    />
    <div
      className="square"
    />
    <div
      className="square"
    />
    <div
      className="square"
    />
    <div
      className="square"
    />
  </div>
  <div
    className="is-primary"
  >
    <div
      className="square"
    />
    <div
      className="square"
    />
    <div
      className="square"
    />
    <div
      className="square"
    />
    <div
      className="square"
    />
    <div
      className="square"
    />
    <div
      className="square"
    />
    <div
      className="square"
    />
    <div
      className="square"
    />
    <div
      className="square"
    />
  </div>
  <div
    className="is-primary"
  >
    <div
      className="square"
    />
    <div
      className="square"
    />
    <div
      className="square"
    />
    <div
      className="square"
    />
    <div
      className="square"
    />
    <div
      className="square"
    />
    <div
      className="square"
    />
    <div
      className="square"
    />
    <div
      className="square"
    />
    <div
      className="square"
    />
  </div>
  <div
    className="is-primary"
  >
    <div
      className="square"
    />
    <div
      className="square"
    />
    <div
      className="square"
    />
    <div
      className="square"
    />
    <div
      className="square"
    />
    <div
      className="square"
    />
    <div
      className="square"
    />
    <div
      className="square"
    />
    <div
      className="square"
    />
    <div
      className="square"
    />
  </div>
  <div
    className="is-primary"
  >
    <div
      className="square"
    />
    <div
      className="square"
    />
    <div
      className="square"
    />
    <div
      className="square"
    />
    <div
      className="square"
    />
    <div
      className="square"
    />
    <div
      className="square"
    />
    <div
      className="square"
    />
    <div
      className="square"
    />
    <div
      className="square"
    />
  </div>
  <div
    className="is-primary"
  >
    <div
      className="square"
    />
    <div
      className="square"
    />
    <div
      className="square"
    />
    <div
      className="square"
    />
    <div
      className="square"
    />
    <div
      className="square"
    />
    <div
      className="square"
    />
    <div
      className="square"
    />
    <div
      className="square"
    />
    <div
      className="square"
    />
  </div>
</div>
`;
