// Jest Snapshot v1, https://goo.gl/fbAQLP

exports[`print score 1`] = `
<div
  id="meta"
>
  <div
    className="nes-container with-title is-dark"
  >
    <p
      className="title"
    >
      next
    </p>
    <p>
      ...
    </p>
    <p>
      ..x
    </p>
    <p>
      xxx
    </p>
    <p>
      ...
    </p>
  </div>
  <div
    className="nes-container with-title is-dark"
  >
    <p
      className="title"
    >
      level
    </p>
    <p>
      0
    </p>
  </div>
  <div
    className="nes-container with-title is-dark"
  >
    <p
      className="title"
    >
      score
    </p>
    <p />
  </div>
  <div
    className="nes-container with-title is-dark"
  >
    <p
      className="title"
    >
      lines
    </p>
    <p>
      1
    </p>
  </div>
</div>
`;
